docker : #0 building with 
"desktop-linux" instance 
using docker driver
At line:1 char:1
+ docker build --no-cache 
--progress=plain -t 
apis-backend-test -f .\ba 
...
+ ~~~~~~~~~~~~~~~~~~~~~~~~~
~~~~~~~~~~~~~~~~~~~~~~~~~~~
~~~~~~~~~~~~~~~~~
    + CategoryInfo         
     : NotSpecified: (#0   
  building wit...g docke   
 r driver:String) [], R    
emoteException
    + FullyQualifiedErrorI 
   d : NativeCommandError
 

#1 [internal] load build 
definition from Dockerfile
#1 transferring 
dockerfile: 1.30kB done
#1 DONE 0.0s

#2 [internal] load 
metadata for docker.io/libr
ary/python:3.11-slim
#2 DONE 0.4s

#3 [internal] load 
.dockerignore
#3 transferring context: 
2B done
#3 DONE 0.0s

#4 [1/7] FROM docker.io/lib
rary/python:3.11-slim@sha25
6:d6e4d224f70f9e0172a06a3a2
eba2f768eb146811a349278b38f
ff3a36463b47
#4 resolve docker.io/librar
y/python:3.11-slim@sha256:d
6e4d224f70f9e0172a06a3a2eba
2f768eb146811a349278b38fff3
a36463b47 0.0s done
#4 CACHED

#5 [internal] load build 
context
#5 transferring context: 
2.81kB done
#5 DONE 0.0s

#6 [2/7] RUN apt-get 
update && apt-get install 
-y --no-install-recommends 
    libgdal-dev     
libgeos-dev     
libproj-dev     
libgl1-mesa-glx     
libglib2.0-0     libsm6    
 libxext6     libxrender1  
   curl     && rm -rf 
/var/lib/apt/lists/*
#6 0.397 Hit:1 http://deb.d
ebian.org/debian trixie 
InRelease
#6 0.435 Get:2 http://deb.d
ebian.org/debian 
trixie-updates InRelease 
[47.3 kB]
#6 0.512 Get:3 http://deb.d
ebian.org/debian-security 
trixie-security InRelease 
[43.4 kB]
#6 0.558 Get:4 http://deb.d
ebian.org/debian 
trixie/main amd64 Packages 
[9670 kB]
#6 1.065 Get:5 http://deb.d
ebian.org/debian 
trixie-updates/main amd64 
Packages [5412 B]
#6 1.113 Get:6 http://deb.d
ebian.org/debian-security 
trixie-security/main amd64 
Packages [111 kB]
#6 1.660 Fetched 9878 kB 
in 1s (6991 kB/s)
#6 1.660 Reading package 
lists...
#6 2.236 Reading package 
lists...
#6 2.833 Building 
dependency tree...
#6 3.009 Reading state 
information...
#6 3.038 Package 
libgl1-mesa-glx is not 
available, but is referred 
to by another package.
#6 3.038 This may mean 
that the package is 
missing, has been 
obsoleted, or
#6 3.038 is only available 
from another source
#6 3.038 
#6 3.045 E: Package 
'libgl1-mesa-glx' has no 
installation candidate
#6 ERROR: process "/bin/sh 
-c apt-get update && 
apt-get install -y 
--no-install-recommends    
 libgdal-dev     
libgeos-dev     
libproj-dev     
libgl1-mesa-glx     
libglib2.0-0     libsm6    
 libxext6     libxrender1  
   curl     && rm -rf 
/var/lib/apt/lists/*" did 
not complete successfully: 
exit code: 100
------
 > [2/7] RUN apt-get 
update && apt-get install 
-y --no-install-recommends 
    libgdal-dev     
libgeos-dev     
libproj-dev     
libgl1-mesa-glx     
libglib2.0-0     libsm6    
 libxext6     libxrender1  
   curl     && rm -rf 
/var/lib/apt/lists/*:
1.113 Get:6 http://deb.debi
an.org/debian-security 
trixie-security/main amd64 
Packages [111 kB]



3.009 Reading state 
information...
3.038 Package 
libgl1-mesa-glx is not 
available, but is referred 
to by another package.
3.038 This may mean that 
the package is missing, 
has been obsoleted, or
3.038 is only available 
from another source
3.038 
3.045 E: Package 
'libgl1-mesa-glx' has no 
installation candidate
------
Dockerfile:9
--------------------
   8 |     # System deps 
for OpenCV, GDAL, PostGIS
   9 | >>> RUN apt-get 
update && apt-get install 
-y --no-install-recommends 
\
  10 | >>>     libgdal-dev 
\
  11 | >>>     libgeos-dev 
\
  12 | >>>     libproj-dev 
\
  13 | >>>     
libgl1-mesa-glx \
  14 | >>>     
libglib2.0-0 \
  15 | >>>     libsm6 \
  16 | >>>     libxext6 \
  17 | >>>     libxrender1 
\
  18 | >>>     curl \
  19 | >>>     && rm -rf 
/var/lib/apt/lists/*
  20 |     
--------------------
ERROR: failed to build: 
failed to solve: process 
"/bin/sh -c apt-get update 
&& apt-get install -y 
--no-install-recommends    
 libgdal-dev     
libgeos-dev     
libproj-dev     
libgl1-mesa-glx     
libglib2.0-0     libsm6    
 libxext6     libxrender1  
   curl     && rm -rf 
/var/lib/apt/lists/*" did 
not complete successfully: 
exit code: 100
